// Jest Snapshot v1, https://goo.gl/fbAQLP

exports[`test ContextWrapper component ContextWrapper should render correctly 1`] = `"hi"`;
