// Jest Snapshot v1, https://goo.gl/fbAQLP

exports[`test FilterSelector component should render correctly 1`] = `
<div
  className="MuiBox-root MuiBox-root-4 makeStyles-root-1"
>
  <button
    className="MuiButtonBase-root MuiButton-root MuiButton-outlined makeStyles-selectButton-2"
    disabled={false}
    onBlur={[Function]}
    onDragLeave={[Function]}
    onFocus={[Function]}
    onKeyDown={[Function]}
    onKeyUp={[Function]}
    onMouseDown={[Function]}
    onMouseLeave={[Function]}
    onMouseUp={[Function]}
    onTouchEnd={[Function]}
    onTouchMove={[Function]}
    onTouchStart={[Function]}
    tabIndex={0}
    type="button"
  >
    <span
      className="MuiButton-label"
    >
      
      <p
        className="MuiTypography-root MuiTypography-body1"
      >
         â–¾ 
      </p>
    </span>
  </button>
</div>
`;
