// Jest Snapshot v1, https://goo.gl/fbAQLP

exports[`test components in SelectsInFilter NoOptionsInfo should render correctly 1`] = `
<li
  className="MuiListItem-root MuiListItem-gutters"
  disabled={false}
>
  <div
    className="MuiListItemText-root"
  >
    <span
      className="MuiTypography-root MuiListItemText-primary MuiTypography-body1"
    >
      no result matched 
    </span>
  </div>
</li>
`;

exports[`test components in SelectsInFilter SingleSelect should render correctly 1`] = `
<div
  aria-disabled={false}
  className="MuiButtonBase-root MuiListItem-root MuiListItem-gutters MuiListItem-button"
  onBlur={[Function]}
  onDragLeave={[Function]}
  onFocus={[Function]}
  onKeyDown={[Function]}
  onKeyUp={[Function]}
  onMouseDown={[Function]}
  onMouseLeave={[Function]}
  onMouseUp={[Function]}
  onTouchEnd={[Function]}
  onTouchMove={[Function]}
  onTouchStart={[Function]}
  role="button"
  tabIndex={0}
>
  <div
    className="MuiListItemText-root"
  >
    <span
      className="MuiTypography-root MuiListItemText-primary MuiTypography-body1"
    >
      A
    </span>
  </div>
</div>
`;

exports[`test components in SelectsInFilter should render correctly 1`] = `
<div
  className="MuiBox-root MuiBox-root-5 makeStyles-root-1"
>
  <div
    className="MuiPaper-root MuiPaper-elevation1 MuiPaper-rounded"
  >
    <div
      className="MuiBox-root MuiBox-root-34"
    >
      <div
        className="MuiFormControl-root MuiTextField-root MuiFormControl-fullWidth"
      >
        <div
          className="MuiInputBase-root MuiOutlinedInput-root MuiInputBase-fullWidth MuiInputBase-formControl"
          onClick={[Function]}
        >
          <input
            aria-invalid={false}
            autoFocus={true}
            className="MuiInputBase-input MuiOutlinedInput-input"
            disabled={false}
            onAnimationStart={[Function]}
            onBlur={[Function]}
            onChange={[Function]}
            onFocus={[Function]}
            required={false}
            type="text"
            value=""
          />
          <fieldset
            aria-hidden={true}
            className="PrivateNotchedOutline-root-75 MuiOutlinedInput-notchedOutline"
            style={
              Object {
                "paddingLeft": 8,
              }
            }
          >
            <legend
              className="PrivateNotchedOutline-legend-76"
              style={
                Object {
                  "width": 0.01,
                }
              }
            >
              <span
                dangerouslySetInnerHTML={
                  Object {
                    "__html": "&#8203;",
                  }
                }
              />
            </legend>
          </fieldset>
        </div>
      </div>
    </div>
    <ul
      className="MuiList-root makeStyles-selects-2 MuiList-padding"
    >
      <li
        className="MuiListItem-root MuiListItem-gutters"
        disabled={false}
      >
        <div
          className="MuiListItemText-root"
        >
          <span
            className="MuiTypography-root MuiListItemText-primary MuiTypography-body1"
          >
            no result matched 
          </span>
        </div>
      </li>
    </ul>
  </div>
  <div
    className="MuiBox-root MuiBox-root-128 makeStyles-clickBG-3"
    id="selectsInFilterBG"
    onClick={[Function]}
  />
</div>
`;
